==============
Full Profiling
==============

Here we are using the whole cms including the actual connector. This is to
profile the whole application pipeline.

Create a test browser:

>>> from zope.testbrowser.testing import Browser
>>> browser = Browser()
>>> browser.addHeader('Authorization', 'Basic user:userpw')
>>> browser.handleErrors = False

Open the start-page:

>>> browser.open('http://localhost:8080/++skin++cms/')
>>> browser.open('http://localhost/++skin++cms/repository/tree.html/'
...              '@@expandTree?uniqueId=http://xml.zeit.de/online/')
>>> browser.open('http://localhost/++skin++cms/repository/tree.html/'
...              '@@expandTree?uniqueId=http://xml.zeit.de/online/2007/')
>>> browser.open('http://localhost/++skin++cms/repository/tree.html/'
...              '@@expandTree?uniqueId=http://xml.zeit.de/online/2007/01/')
>>> browser.open('http://localhost/++skin++cms/repository/tree.html/'
...              '@@expandTree?uniqueId=http://xml.zeit.de/online/2006/')
>>> browser.open('http://localhost/++skin++cms/repository/tree.html/'
...              '@@expandTree?uniqueId=http://xml.zeit.de/bilder/')

>>> for i in range(30):
...     browser.open('http://localhost:8080/++skin++cms/repository/online/2006/45')


