Sources
=======

>>> import zeit.cms.testcontenttype.testcontenttype
>>> content = zeit.cms.testcontenttype.testcontenttype.ExampleContentType()

Serie
+++++

The serie source returns the possible "serie" values:

>>> from pprint import pprint
>>> import zeit.cms.content.sources
>>> serie = zeit.cms.content.sources.SerieSource()
>>> serie = serie(content)
>>> attr = ('serienname', 'title', 'url', 'encoded', 'column', 'video')
>>> pprint(sorted([[getattr(x, a) for a in attr] for x in serie],
...               key=lambda x: x[0]))
[['-', '-', '-', None, False, False],
 ['Autotest', 'Autotest', 'zeitmagazin-autotest', None, False, False],
 ['Bachelor Tagebuch',
  'Bachelor Tagebuch',
  'bachelor-tagebuch',
  'Bachelor%20Tagebuch',
  False,
  False],
 ['Chefsache', 'Chefsache', 'chefsache', None, True, False],
 ...]

Ressort
++++++++++

>>> navi = zeit.cms.content.sources.RessortSource()
>>> navi = navi(content)
>>> pprint(list(navi))
['Deutschland',
 'International',
 'Wirtschaft',
 'Finanzen',
 'Wissen',
 'Gesundheit',
 'Computer',
 'Bildung & Beruf',
 'Studium',
 'Campus',
 'Arbeit',
 'Zeit fÃ¼r die Schule',
 'Kultur',
 'Feuilleton',
 'Musik',
 'Literatur',
 'Leben',
 'ZUENDER',
 'Reisen',
 'Reise',
 'Sport',
 'Spiele',
 'Weblogs',
 'Auto',
 'Kunst',
 'Multimedia',
 'Video',
 '------',
 'ZEIT-Verlag',
 'Akademie',
 'Altersvorsorge',
 'ranking',
 'Hanser',
 'visitfinland',
 'chile-heute',
 'baufritz',
 'missionzukunft',
 'campus-knigge',
 'e-balance',
 'bundeskunsthalle',
 'angebote',
 'Wochenende']


Titles and tokens are working, too:

>>> import zope.publisher.browser
>>> import zope.browser.interfaces
>>> request = zope.publisher.browser.TestRequest()
>>> terms = zope.component.getMultiAdapter(
...     (navi, request),
...     zope.browser.interfaces.ITerms)
>>> terms.getTerm('Kultur').title
'Kultur'
>>> terms.getTerm('Kultur').token
'0494f194cae00d8dc3e982b89b046aa4'
>>> terms.getTerm('snafoo').title
'snafoo'
>>> terms.getTerm('sna"foo').title
'sna"foo'



SubRessort
+++++++++++++

The sub Ressort is dependent on the Ressort.

There are different contexts: a content object, a container (add form) and an
ajax something.

>>> sub_ressort = zeit.cms.content.sources.SubRessortSource()
>>> bound = sub_ressort(content)

Currently the content has *no* ressort element selected. This means
that we get *all* sub ressort elements

>>> pprint(sorted(list(bound)))
['Datenschutz',
 'Integration',
 'Joschka Fisher',
 'Meinung',
 'Nahost',
 'US-Wahl']

Select 'Deutschland'. Since IExampleContentType is an ICMSContent we still get
everything. This is actually not desired but is the only way we can avoid
saving the ressort first and then the subressort:

>>> content.ressort = 'Deutschland'
>>> pprint(sorted(list(bound)))
['Datenschutz',
 'Integration',
 'Joschka Fisher',
 'Meinung',
 'Nahost',
 'US-Wahl']

When we use an object as context which does not provide ICMSContent but is
adaptable to ICommonMetadata we'll get filtered results:

>>> import zope.interface
>>> import zeit.cms.content.interfaces
>>> @zope.interface.implementer(zeit.cms.content.interfaces.ICommonMetadata)
... class Meta:
...     pass
>>> meta = Meta()
>>> meta.ressort = 'Deutschland'
>>> bound = sub_ressort(meta)
>>> pprint(sorted(list(bound)))
['Datenschutz', 'Integration', 'Joschka Fisher', 'Meinung']

Verify terms/titles:

>>> terms = zope.component.getMultiAdapter(
...     (bound, request),
...     zope.browser.interfaces.ITerms)

Currently we have selected "Detuschland":

>>> term = terms.getTerm('Meinung')
>>> term.token
'58943ab3ce913fa50e3c4566e2f10f7b'
>>> term.title
'Meinung'


Terms for invalid values return the value as title:

>>> terms.getTerm('Foobar').title
'Foobar'

Set the ressort to None, i.e. not selected, yet. Also create a new source to
avoide the memoize:

>>> content.ressort = None
>>> sub_ressort = zeit.cms.content.sources.SubRessortSource()
>>> bound = sub_ressort(content)
>>> terms = zope.component.getMultiAdapter(
...     (bound, request),
...     zope.browser.interfaces.ITerms)
>>> term = terms.getTerm('Meinung')
>>> term.token
'58943ab3ce913fa50e3c4566e2f10f7b'
>>> term.title
'Meinung'

When the source is bound to an object which doesn't provide ICommonMetadata the
titles do still work:

>>> sub_ressort = zeit.cms.content.sources.SubRessortSource()
>>> bound = sub_ressort(object())
>>> terms = zope.component.getMultiAdapter(
...     (bound, request),
...     zope.browser.interfaces.ITerms)
>>> term = terms.getTerm('Meinung')
>>> term.token
'58943ab3ce913fa50e3c4566e2f10f7b'
>>> term.title
'Meinung'
>>> terms.getTerm('Foobar').title
'Foobar'


The subressort source can also be bound to a unicode which is interpreted as
ressort:

>>> bound = sub_ressort('Deutschland')
>>> sorted(bound)
['Datenschutz', 'Integration', 'Joschka Fisher', 'Meinung']
>>> bound = sub_ressort('Bildung & Beruf')
>>> sorted(bound)
[]


Products
++++++++

>>> products = zeit.cms.content.sources.PRODUCT_SOURCE(object())
>>> pprint([x.id for x in products])
['ZEI',
 'ZMLB',
 'BADDEPENDENCY',
 'Dev',
 'dpaBY',
 'TEST',
 'ZTCS',
 'ZTWI',
 'ZTGS',
 'tdb',
 'tbd',
 'Reuters',
 'KINZ',
 'ZEDE']
>>> terms = zope.component.getMultiAdapter(
...     (products, request),
...     zope.browser.interfaces.ITerms)
>>> terms.getTerm(list(products)[-1]).title
'Zeit Online'
>>> list(products)[-2].vgwortcode
'1234abc'
>>> list(products)[-1].vgwortcode is None
True
