Invalidator
===========

The invalidator invalidates the whole property and child id cache and rebuilds
it at the same time:

>>> import zope.component.hooks
>>> old_site = zope.component.hooks.getSite()
>>> zope.component.hooks.setSite(getRootFolder())
>>> import zeit.connector.invalidator
>>> import zope.component
>>> invalidator = zope.component.getUtility(
...     zeit.connector.invalidator.IInvalidator)

Currently the caches are empty. The invalidator will be finished immedeately:

>>> invalidator()
True

Let's fill the cache by accessing the connector:

>>> import zeit.connector.interfaces
>>> connector = zope.component.getUtility(
...     zeit.connector.interfaces.IConnector)
>>> list(connector.listCollection('http://xml.zeit.de/%s/' % TESTFOLDER()))
[]

There is one element in the cache now (/testing/). The invalidator requires two
steps now:

>>> invalidator()
False
>>> invalidator()
True

Let's see how the invalidation works. Add a file to /testing without letting
the connector know it. Note that despite we've invalidated the cache above the
following listCollection call does not yield any result. This happens because
the invalidator does not only invalidate the cache but reloads it at the same
time:

>>> dummy = connector._add_collection(
...     'http://xml.zeit.de/%s/foo/' % TESTFOLDER())
>>> list(connector.listCollection('http://xml.zeit.de/%s/' % TESTFOLDER()))
[]

>>> while not invalidator():
...     pass
>>> list(connector.listCollection('http://xml.zeit.de/%s/' % TESTFOLDER()))
[('foo', 'http://xml.zeit.de/testing.../foo/')]

The updater works also for deleted resources. So delete w/o the connector
knowing it:


>>> conn = connector.get_connection()
>>> result = conn.delete(connector._id2loc(
...     'http://xml.zeit.de/%s/foo/' % TESTFOLDER()))
>>> list(connector.listCollection('http://xml.zeit.de/%s/' % TESTFOLDER()))
[('foo', 'http://xml.zeit.de/testing.../foo/')]
>>> while not invalidator():
...     pass
>>> list(connector.listCollection('http://xml.zeit.de/%s/' % TESTFOLDER()))
[]

Let's see how this works with files:

>>> from io import BytesIO
>>> import zeit.connector.resource
>>> id = 'http://xml.zeit.de/%s/lt1' % TESTFOLDER()
>>> res = zeit.connector.resource.Resource(
...     id, 'lt1', 'text',
...     BytesIO(b'Pop goes the weasel!'),
...     contentType='text/plain')
>>> connector.add(res)
>>> res.id = 'http://xml.zeit.de/%s/lt2' % TESTFOLDER()
>>> connector.add(res)
>>> list(connector.listCollection('http://xml.zeit.de/%s/' % TESTFOLDER()))
[('lt1', 'http://xml.zeit.de/testing.../lt1'),
 ('lt2', 'http://xml.zeit.de/testing.../lt2')]
>>> connector[id]
<zeit.connector.resource.CachedResource object at 0x...>
>>> connector[res.id]
<zeit.connector.resource.CachedResource object at 0x...>

The file is completely cached now. Delete it without the connector knowing it:

>>> result = conn.delete(connector._id2loc(
...     'http://xml.zeit.de/%s/lt1' % TESTFOLDER()))

We can still list and retrieve it:

>>> list(connector.listCollection('http://xml.zeit.de/%s/' % TESTFOLDER()))
[('lt1', 'http://xml.zeit.de/testing.../lt1'),
 ('lt2', 'http://xml.zeit.de/testing.../lt2')]
>>> connector[id]
<zeit.connector.resource.CachedResource object at 0x...>

After invalidation lt1 it is really gone, but lt2 isn't (not even from the
cache!):

>>> while not invalidator():
...     pass

>>> cache = zope.component.getUtility(
...     zeit.connector.interfaces.IPropertyCache)
>>> dict(cache[res.id])
{...}

>>> list(connector.listCollection('http://xml.zeit.de/%s/' % TESTFOLDER()))
[('lt2', 'http://xml.zeit.de/testing.../lt2')]
>>> connector[id]
Traceback (most recent call last):
    ...
KeyError: "The resource 'http://xml.zeit.de/testing.../lt1' does not exist."
>>> connector[res.id]
<zeit.connector.resource.CachedResource object at 0x...>


Cache inconsistencies
---------------------

There are a few cases where the cache becomes inconsistent with the dav. When
an object is removed from directly the DAV and the container is being
invalidated the properties of the deleted object stay in the property cache
even though the connector does not "adveritse" the object via listCollection:

>>> result = conn.delete(connector._id2loc(
...     'http://xml.zeit.de/%s/lt2' % TESTFOLDER()))
>>> import zope.event
>>> zope.event.notify(zeit.connector.interfaces.ResourceInvaliatedEvent(
...     'http://xml.zeit.de/%s/' % TESTFOLDER()))

The collection is empty:

>>> list(connector.listCollection('http://xml.zeit.de/%s/' % TESTFOLDER()))
[]

But we can still get the object:

>>> connector['http://xml.zeit.de/%s/lt2' % TESTFOLDER()]
<zeit.connector.resource.CachedResource object at 0x...>

The invalidator will find this stale property and remove it:

>>> while not invalidator():
...     pass
>>> connector['http://xml.zeit.de/%s/lt2' % TESTFOLDER()]
Traceback (most recent call last):
    ...
KeyError: "The resource 'http://xml.zeit.de/testing.../lt2' does not exist."


Another, even worse thing happens when the same name is used for a collection
and a normal file. Let's create properties:

>>> cache[res.id] = {'foo': 'bar'}
>>> cache[res.id + '/'] = {'collection': 'horror'}


We'll always get the container from the connector back:

>>> connector[res.id].id
'http://xml.zeit.de/testing.../lt2/'
>>> connector['http://xml.zeit.de/%s/lt2/' % TESTFOLDER()].id
'http://xml.zeit.de/testing.../lt2/'
>>> list(connector.listCollection('http://xml.zeit.de/%s/' % TESTFOLDER()))
[]

The invalidor will clean it up:

>>> while not invalidator():
...     pass
>>> connector[res.id]
Traceback (most recent call last):
    ...
KeyError: "The resource 'http://xml.zeit.de/testing.../lt2' does not exist."
>>> connector['http://xml.zeit.de/%s/lt2/' % TESTFOLDER()]
Traceback (most recent call last):
    ...
KeyError: "The resource 'http://xml.zeit.de/testing.../lt2' does not exist."
>>> list(connector.listCollection('http://xml.zeit.de/%s/' % TESTFOLDER()))
[]
>>> list(cache.keys())
['http://xml.zeit.de/testing.../']

Clean up:

>>> zope.component.hooks.setSite(old_site)
