Rules for blocks and areas
==========================

XXX this is supposed to be user documentation. writeme

>>> import zeit.cms.testing
>>> zeit.cms.testing.set_site()

>>> import tempfile
>>> import pyramid_dogpile_cache2
>>> rules_file, rules_filename = tempfile.mkstemp()
>>> import zope.app.appsetup.product
>>> config = zope.app.appsetup.product.getProductConfiguration(
...     'zeit.edit')
>>> config['rules-url'] = 'file://%s' % rules_filename

>>> def create_rules(rules_str):
...     rules_file = open(rules_filename, 'w')
...     rules_file.write(rules_str)
...     rules_file.close()
...     pyramid_dogpile_cache2.clear()

>>> import zeit.content.cp.centerpage
>>> cp = zeit.content.cp.centerpage.CenterPage()

Specifying rules
++++++++++++++++

Rules can be specified in a file which contains:

>>> create_rules("""\
... applicable(is_block and area == 'teaser-mosaic' and position == 2)
... error_unless(layout == 'dmr', 'Die zweite Teaserleiste muss ein DMR sein')
...
... applicable(is_area and area == 'lead')
... warning_unless(count > 6, 'In der Aufmacherfläche sollen mehr als 6 Teaserblöcke stehen')
... error_unless(count > 2, 'In der Aufmacherfläche müssen mehr als 2 Teaserblöcke stehen')
...
... applicable(is_area and area == 'lead')
... # always valid
... """)


Rules are applied to all areas and blocks of a centerpage, e.g. for the lead
area:

>>> import zeit.edit.interfaces
>>> validator = zeit.edit.interfaces.IValidator(cp.body['lead'])
>>> validator.status
'error'
>>> validator.messages
['In der Aufmacherfl\xe4che m\xfcssen mehr als 2 Teaserbl\xf6cke stehen']


Validating the number of blocks in an area
~~~~~~~~~~~~~~~~~~~~~~~~~~~~~~~~~~~~~~~~~~

>>> import zope.component
>>> import zeit.edit.interfaces
>>> teaser_factory = zope.component.getAdapter(
...     cp.body['lead'], zeit.edit.interfaces.IElementFactory,
...     name='teaser')
>>> dummy = teaser_factory()
>>> dummy = teaser_factory()
>>> dummy = teaser_factory()

>>> validator = zeit.edit.interfaces.IValidator(cp.body['lead'])
>>> validator.status
'warning'
>>> validator.messages
['In der Aufmacherfl\xe4che sollen mehr als 6 Teaserbl\xf6cke stehen']


Edge cases
++++++++++

Rules are seperated by blank lines and/or comments. That means writing your
file without those, the whole file is interpreted as one rule. However, every
rule has to start with `applicable`:

>>> create_rules("""\
... applicable(False)
... applicable(True)
... """)
>>> rm = zope.component.getUtility(zeit.edit.interfaces.IRulesManager)
>>> len(rm.rules)
1

Comments are allowed to seperate rules:

>>> create_rules("""\
... # The first rule
... applicable(True)
... # Here starts a second rule
... applicable(True)
...
... # And a fourth rule
... applicable(True)
... """)
>>> rm = zope.component.getUtility(zeit.edit.interfaces.IRulesManager)
>>> len(rm.rules)
3

An empty rules file can be parsed, too:

>>> create_rules("")
>>> rm = zope.component.getUtility(zeit.edit.interfaces.IRulesManager)
>>> len(rm.rules)
0

Encoding:

>>> create_rules("""\
... applicable(True)
... error_unless(False, 'öüäß')
... """)
>>> validator = zeit.edit.interfaces.IValidator(dummy)
>>> validator.messages
['\xf6\xfc\xe4\xdf']

Syntax error handling:

>>> create_rules("""\
... applicable(True)
... error_unless(False
... """)
>>> validator = zeit.edit.interfaces.IValidator(dummy)
>>> validator.messages
['\xf6\xfc\xe4\xdf']


Clean up
========

>>> import os
>>> os.remove(rules_filename)
