=======
Widgets
=======


XML source edit widget
======================

The xml source edit widget is there to edit objectified trees as XML source.

Create a schema:

>>> import zope.interface
>>> import zeit.cms.content.field
>>>
>>> class IContent(zope.interface.Interface):
...     xml = zeit.cms.content.field.XMLTree()

Create a content object:


>>> import lxml.objectify
>>> import zeit.cms.content.property
>>> @zope.interface.implementer(IContent)
... class Content:
...     xml = lxml.objectify.XML('<art/><?foo?>')
...     snippet = zeit.cms.content.property.Structure('.title')
>>> content = Content()

We also need a a request:

>>> import zope.publisher.browser
>>> request = zope.publisher.browser.TestRequest()


To initialize the widget we need a bound field:

>>> field = IContent['xml'].bind(content)

Now create the widget:

>>> import zeit.cms.content.browser.widget
>>> widget = zeit.cms.content.browser.widget.XMLTreeWidget(field, request)
>>> widget
<zeit.cms.content.browser.widget.XMLTreeWidget object at 0x...>
>>> widget.setRenderedValue(content.xml)
>>> widget._getFormValue()
u'<art/>\r\n<?foo?>\r\n'


Editing sub-nodes
+++++++++++++++++

The widget also supports editing subnodes. That is that the data being edited
is not a full tree but a node in a tree.

>>> content.whole_tree = lxml.objectify.XML('<a><b/><editme><c/></editme></a>')
>>> content.xml = content.whole_tree.editme
>>> widget.setRenderedValue(content.xml)
>>> widget._getFormValue()
u'<editme>\r\n    <c/>\r\n</editme>\r\n'


Converting back to a tree
+++++++++++++++++++++++++

The widget converts the entered data back to a tree:

>>> widget._toFieldValue(u'<editedyou/>')
<Element editedyou at ...>


When the entered data is not valid xml an error is raised:

>>> import traceback
>>> try:
...    widget._toFieldValue(u'<ed')
... except Exception:
...    tb = traceback.format_exc()
... else:
...    tb = ''
>>> print(tb)
Traceback (most recent call last):
...Couldn't find end of Start Tag ed line 1, line 1, column 4...


Display field
+++++++++++++

XMLTrees can also be displayed:

>>> widget = zeit.cms.content.browser.widget.XMLTreeDisplayWidget(
...     field, request)
>>> widget()
u''

Set a tree as rendered value:

>>> widget.setRenderedValue(content.whole_tree)
>>> print(widget())
<div class="pygments"><pre><span></span><span class="nt">&lt;a&gt;</span>
  <span class="nt">&lt;b/&gt;</span>
  <span class="nt">&lt;editme&gt;</span>
    <span class="nt">&lt;c/&gt;</span>
  <span class="nt">&lt;/editme&gt;</span>
<span class="nt">&lt;/a&gt;</span>
</pre></div>
